// Jest Snapshot v1, https://goo.gl/fbAQLP

exports[`HomeScreen should match old snapshot 1`] = `
<View
  style={
    Object {
      "backgroundColor": "#D6E4F1",
      "flex": 5,
    }
  }
>
  <RCTScrollView>
    <View>
      <View
        style={
          Object {
            "alignItems": "center",
          }
        }
      >
        <View
          style={
            Object {
              "alignSelf": "flex-end",
              "margin": 10,
            }
          }
        >
          <View
            accessible={true}
            isTVSelectable={true}
            onResponderGrant={[Function]}
            onResponderMove={[Function]}
            onResponderRelease={[Function]}
            onResponderTerminate={[Function]}
            onResponderTerminationRequest={[Function]}
            onStartShouldSetResponder={[Function]}
            style={
              Object {
                "alignItems": "center",
                "backgroundColor": "#3F50B8",
                "borderColor": "rgba(0,0,0,0.2)",
                "borderRadius": 100,
                "borderWidth": 1,
                "bottom": 0,
                "height": 70,
                "justifyContent": "center",
                "opacity": 1,
                "right": 45,
                "width": 70,
              }
            }
          >
            <View>
              <View
                style={
                  Object {
                    "backgroundColor": "white",
                    "height": 20,
                    "width": 5,
                  }
                }
              />
              <View
                style={
                  Object {
                    "backgroundColor": "white",
                    "height": 5,
                    "left": -8,
                    "position": "absolute",
                    "top": 8,
                    "width": 20,
                  }
                }
              />
            </View>
          </View>
        </View>
      </View>
    </View>
  </RCTScrollView>
</View>
`;
