// Jest Snapshot v1, https://goo.gl/fbAQLP

exports[`FormBlock should match with old snapshot 1`] = `
<View
  style={
    Object {
      "backgroundColor": "white",
      "height": 150,
      "margin": 30,
      "width": 300,
    }
  }
>
  <View
    style={
      Object {
        "flex": 1,
        "justifyContent": "space-between",
      }
    }
  >
    <Text
      style={
        Object {
          "alignSelf": "flex-start",
          "color": "black",
          "fontSize": 22,
          "fontWeight": "400",
          "margin": 10,
        }
      }
    >
      Code Academy Feedback 2019
    </Text>
    <View>
      <View
        style={
          Object {
            "borderBottomColor": "black",
            "borderBottomWidth": 1,
          }
        }
      />
      <Text
        style={
          Object {
            "alignSelf": "flex-end",
            "color": "black",
            "fontSize": 18,
            "margin": 10,
          }
        }
      >
        Created On:
        2019-02-27 06:32:52
      </Text>
    </View>
  </View>
</View>
`;
